Microchip MPLAB XC8 Compiler V1.21 ()

Linker command line:

--edf=C:\Program Files\Microchip\xc8\v1.21\dat\en_msgs.txt -cs \
  -h+dist/default/production\PR15.X.production.sym \
  --cmf=dist/default/production\PR15.X.production.cmf -z -Q16F876A \
  -oC:\DOCUME~1\Sales\LOCALS~1\Temp\s2uk.6 \
  -Mdist/default/production/PR15.X.production.map -E1 -ver=XC8 \
  -ACONST=00h-0FFhx32 -ACODE=00h-07FFhx4 -ASTRCODE=00h-01FFFh \
  -AENTRY=00h-0FFhx32 -ASTRING=00h-0FFhx32 -ACOMMON=070h-07Fh \
  -ABANK0=020h-06Fh -ABANK1=0A0h-0EFh -ABANK2=0110h-016Fh \
  -ABANK3=0190h-01EFh -ARAM=020h-06Fh,0A0h-0EFh,0110h-016Fh,0190h-01EFh \
  -AABS1=020h-07Fh,0A0h-0EFh,0110h-016Fh,0190h-01EFh -ASFR0=00h-01Fh \
  -ASFR1=080h-09Fh -ASFR2=0100h-010Fh -ASFR3=0180h-018Fh \
  -preset_vec=00h,intentry,init,end_init -ppowerup=CODE -pcinit=CODE \
  -pfunctab=CODE -ACONFIG=02007h-02007h -pconfig=CONFIG -DCONFIG=2 \
  -AIDLOC=02000h-02003h -pidloc=IDLOC -DIDLOC=2 -AEEDATA=00h-0FFh/02100h \
  -peeprom_data=EEDATA -DEEDATA=2 -DCODE=2 -DSTRCODE=2 -DSTRING=2 -DCONST=2 \
  -DENTRY=2 -k C:\DOCUME~1\Sales\LOCALS~1\Temp\s2uk.obj \
  dist/default/production\PR15.X.production.obj 

Object code version is 3.11

Machine type is 16F876A



                Name                               Link     Load   Length Selector   Space Scale
C:\DOCUME~1\Sales\LOCALS~1\Temp\s2uk.obj
                end_init                              0        0        3        0       0
                config                             2007     2007        1     400E       0
dist/default/production\PR15.X.production.obj
                cinit                               7FC      7FC        4      FF8       0
                text10                              599      599       23      B32       0
                text9                               5BC      5BC       24      B78       0
                text8                               530      530       12      A60       0
                text7                               542      542       16      A84       0
                text6                               5E0      5E0       24      BC0       0
                text5                               558      558       20      AB0       0
                text4                               578      578       21      AF0       0
                text3                               638      638       3E      C70       0
                text2                               604      604       34      C08       0
                text1                               72A      72A       D2      E54       0
                maintext                            676      676       B4      CEC       0
                cstackBANK0                          20       20        6       20       1
                cstackCOMMON                         70       70        E       70       1
                strings                               3        3       28        6       0

TOTAL           Name                               Link     Load   Length     Space
        CLASS   CONST          

        CLASS   CODE           
                end_init                              0        0        3         0
                cinit                               7FC      7FC        4         0
                text10                              599      599       23         0
                text9                               5BC      5BC       24         0
                text8                               530      530       12         0
                text7                               542      542       16         0
                text6                               5E0      5E0       24         0
                text5                               558      558       20         0
                text4                               578      578       21         0
                text3                               638      638       3E         0
                text2                               604      604       34         0
                text1                               72A      72A       D2         0
                maintext                            676      676       B4         0

        CLASS   STRCODE        

        CLASS   ENTRY          

        CLASS   STRING         
                strings                               3        3       28         0

        CLASS   COMMON         
                cstackCOMMON                         70       70        E         1

        CLASS   BANK0          
                cstackBANK0                          20       20        6         1

        CLASS   BANK1          

        CLASS   BANK2          

        CLASS   BANK3          

        CLASS   RAM            

        CLASS   ABS1           
                abs_s1                               7E       7E        2         1

        CLASS   SFR0           

        CLASS   SFR1           

        CLASS   SFR2           

        CLASS   SFR3           

        CLASS   CONFIG         
                config                             2007     2007        1         0

        CLASS   IDLOC          

        CLASS   EEDATA         



SEGMENTS        Name                           Load    Length   Top    Selector   Space  Class     Delta

                reset_vec                      000000  000003  000003         0       0  CODE        2
                strings                        000003  000028  00002B         6       0  STRING      2
                cstackBANK0                    000020  000006  000026        20       1  BANK0       1
                cstackCOMMON                   000070  00000E  00007E        70       1  COMMON      1
                text8                          000530  000012  000542       A60       0  CODE        2
                text7                          000542  000016  000558       A84       0  CODE        2
                text5                          000558  000020  000578       AB0       0  CODE        2
                text4                          000578  000021  000599       AF0       0  CODE        2
                text10                         000599  000023  0005BC       B32       0  CODE        2
                text9                          0005BC  000024  0005E0       B78       0  CODE        2
                text6                          0005E0  000024  000604       BC0       0  CODE        2
                text2                          000604  000034  000638       C08       0  CODE        2
                text3                          000638  00003E  000676       C70       0  CODE        2
                maintext                       000676  0000B4  00072A       CEC       0  CODE        2
                text1                          00072A  0000D2  0007FC       E54       0  CODE        2
                cinit                          0007FC  000004  000800       FF8       0  CODE        2
                config                         002007  000001  002008      400E       0  CONFIG      2


UNUSED ADDRESS RANGES

        Name                Unused          Largest block    Delta
        BANK0            0026-006F             4A           1
        BANK1            00A0-00EF             50           1
        BANK2            0110-016F             60           1
        BANK3            0190-01EF             60           1
        CODE             002B-052F            505           2
                         0800-1FFF            800
        CONST            002B-052F            100           2
                         0800-1FFF            100
        EEDATA           2100-21FF            100           2
        ENTRY            002B-052F            100           2
                         0800-1FFF            100
        IDLOC            2000-2003              4           2
        RAM              0026-006F             4A           1
                         00A0-00EF             50
                         0110-016F             60
                         0190-01EF             60
        SFR0             0000-001F             20           1
        SFR1             0080-009F             20           1
        SFR2             0100-010F             10           1
        SFR3             0180-018F             10           1
        STRCODE          002B-052F            505           2
                         0800-1FFF           1800
        STRING           002B-052F            100           2
                         0800-1FFF            100

                                  Symbol Table

?___lwdiv                cstackCOMMON 0070
?___lwmod                cstackCOMMON 0070
?_delay                  cstackCOMMON 0070
?_send_num               cstackCOMMON 0079
_ADCON0                  (abs)        001F
_ADCON1                  (abs)        009F
_ADRESH                  (abs)        001E
_CHS0                    (abs)        00FB
_CHS1                    (abs)        00FC
_CHS2                    (abs)        00FD
_GO                      (abs)        00FA
_PORTC                   (abs)        0007
_RA2                     (abs)        002A
_RA5                     (abs)        002D
_RB0                     (abs)        0030
_RB1                     (abs)        0031
_RB2                     (abs)        0032
_RB3                     (abs)        0033
_RB4                     (abs)        0034
_RB5                     (abs)        0035
_TRISA                   (abs)        0085
_TRISB                   (abs)        0086
_TRISC                   (abs)        0087
__CFG_BOREN$OFF          (abs)        0000
__CFG_CP$OFF             (abs)        0000
__CFG_CPD$OFF            (abs)        0000
__CFG_DEBUG$OFF          (abs)        0000
__CFG_FOSC$HS            (abs)        0000
__CFG_LVP$OFF            (abs)        0000
__CFG_PWRTE$ON           (abs)        0000
__CFG_WDTE$OFF           (abs)        0000
__CFG_WRT$OFF            (abs)        0000
__Habs1                  abs1         0000
__Hbank0                 bank0        0000
__Hbank1                 bank1        0000
__Hbank2                 bank2        0000
__Hbank3                 bank3        0000
__Hcinit                 cinit        0800
__Hclrtext               clrtext      0000
__Hcode                  code         0000
__Hcommon                common       0000
__Hconfig                config       2008
__HcstackBANK0           cstackBANK0  0000
__HcstackCOMMON          cstackCOMMON 0000
__Heeprom_data           eeprom_data  0000
__Hend_init              end_init     0003
__Hfunctab               functab      0000
__Hidloc                 idloc        0000
__Hinit                  init         0000
__Hintentry              intentry     0000
__Hmaintext              maintext     0000
__Hpowerup               powerup      0000
__Hram                   ram          0000
__Hreset_vec             reset_vec    0000
__Hsfr0                  sfr0         0000
__Hsfr1                  sfr1         0000
__Hsfr2                  sfr2         0000
__Hsfr3                  sfr3         0000
__Hstrings               strings      0000
__Htext                  text         0000
__Labs1                  abs1         0000
__Lbank0                 bank0        0000
__Lbank1                 bank1        0000
__Lbank2                 bank2        0000
__Lbank3                 bank3        0000
__Lcinit                 cinit        07FC
__Lclrtext               clrtext      0000
__Lcode                  code         0000
__Lcommon                common       0000
__Lconfig                config       2007
__LcstackBANK0           cstackBANK0  0000
__LcstackCOMMON          cstackCOMMON 0000
__Leeprom_data           eeprom_data  0000
__Lend_init              end_init     0000
__Lfunctab               functab      0000
__Lidloc                 idloc        0000
__Linit                  init         0000
__Lintentry              intentry     0000
__Lmaintext              maintext     0000
__Lpowerup               powerup      0000
__Lram                   ram          0000
__Lreset_vec             reset_vec    0000
__Lsfr0                  sfr0         0000
__Lsfr1                  sfr1         0000
__Lsfr2                  sfr2         0000
__Lsfr3                  sfr3         0000
__Lstrings               strings      0000
__Ltext                  text         0000
__S0                     (abs)        2008
__S1                     (abs)        007E
__S3                     (abs)        0000
___latbits               (abs)        0002
___lwdiv                 text3        0638
___lwdiv@counter         cstackCOMMON 0077
___lwdiv@dividend        cstackCOMMON 0072
___lwdiv@divisor         cstackCOMMON 0070
___lwdiv@quotient        cstackCOMMON 0075
___lwmod                 text2        0604
___lwmod@counter         cstackCOMMON 0075
___lwmod@dividend        cstackCOMMON 0072
___lwmod@divisor         cstackCOMMON 0070
__end_of___lwdiv         text3        0676
__end_of___lwmod         text2        0638
__end_of__initialization cinit        07FC
__end_of__stringdata     strings      002B
__end_of__stringtab      strings      0009
__end_of_delay           text10       05BC
__end_of_lcd_clr         text8        0542
__end_of_lcd_goto        text7        0558
__end_of_main            maintext     072A
__end_of_read_ad         text4        0599
__end_of_send_char       text6        0604
__end_of_send_config     text9        05E0
__end_of_send_num        text1        07FC
__end_of_send_string     text5        0578
__initialization         cinit        07FC
__pcstackBANK0           cstackBANK0  0020
__pcstackCOMMON          cstackCOMMON 0070
__pmaintext              maintext     0676
__pstrings               strings      0003
__ptext1                 text1        072A
__ptext10                text10       0599
__ptext2                 text2        0604
__ptext3                 text3        0638
__ptext4                 text4        0578
__ptext5                 text5        0558
__ptext6                 text6        05E0
__ptext7                 text7        0542
__ptext8                 text8        0530
__ptext9                 text9        05BC
__size_of___lwdiv        (abs)        0000
__size_of___lwmod        (abs)        0000
__size_of_delay          (abs)        0000
__size_of_lcd_clr        (abs)        0000
__size_of_lcd_goto       (abs)        0000
__size_of_main           (abs)        0000
__size_of_read_ad        (abs)        0000
__size_of_send_char      (abs)        0000
__size_of_send_config    (abs)        0000
__size_of_send_num       (abs)        0000
__size_of_send_string    (abs)        0000
__stringbase             strings      0008
__stringdata             strings      0009
__stringtab              strings      0003
_delay                   text10       0599
_lcd_clr                 text8        0530
_lcd_goto                text7        0542
_main                    maintext     0676
_read_ad                 text4        0578
_send_char               text6        05E0
_send_config             text9        05BC
_send_num                text1        072A
_send_string             text5        0558
btemp                    (abs)        007E
delay@data               cstackCOMMON 0070
end_of_initialization    cinit        07FC
intlevel0                functab      0000
intlevel1                functab      0000
intlevel2                functab      0000
intlevel3                functab      0000
intlevel4                functab      0000
intlevel5                functab      0000
lcd_goto@data            cstackCOMMON 007A
main@mode                cstackBANK0  0025
main@temp                cstackBANK0  0024
read_ad@channel          cstackCOMMON 0071
read_ad@result           cstackCOMMON 0072
reset_vec                reset_vec    0000
send_char@data           cstackCOMMON 0078
send_config@data         cstackCOMMON 0078
send_num@data            cstackCOMMON 0079
send_num@hund            cstackBANK0  0022
send_num@tenth           cstackBANK0  0023
send_num@tenthou         cstackBANK0  0020
send_num@thou            cstackBANK0  0021
send_string@i            cstackCOMMON 007A
send_string@s            cstackCOMMON 007B
start                    init         0000
start_initialization     cinit        07FC
wtemp0                   (abs)        007E


FUNCTION INFORMATION:

 *************** function _main *****************
 Defined at:
		line 67 in file "../../Source File/PR15.c"
 Parameters:    Size  Location     Type
		None
 Auto vars:     Size  Location     Type
  mode            1    5[BANK0 ] unsigned char 
  temp            1    4[BANK0 ] unsigned char 
 Return value:  Size  Location     Type
		None               void
 Registers used:
		wreg, fsr0l, fsr0h, status,2, status,0, pclath, cstack
 Tracked objects:
		On entry : 
		On exit  : 
		Unchanged: 
 Data sizes:     COMMON   BANK0   BANK1   BANK3   BANK2
      Params:         0       0       0       0       0
      Locals:         0       2       0       0       0
      Temps:          2       0       0       0       0
      Totals:         2       2       0       0       0
Total ram usage:        4 bytes
 Hardware stack levels required when called:    3
 This function calls:
		_send_config
		_lcd_clr
		_lcd_goto
		_send_string
		_read_ad
		_send_num
 This function is called by:
		Startup code after reset
 This function uses a non-reentrant model


 *************** function _send_num *****************
 Defined at:
		line 189 in file "../../Source File/PR15.c"
 Parameters:    Size  Location     Type
  data            2    9[COMMON] unsigned short 
 Auto vars:     Size  Location     Type
  tenth           1    3[BANK0 ] unsigned char 
  hund            1    2[BANK0 ] unsigned char 
  thou            1    1[BANK0 ] unsigned char 
  tenthou         1    0[BANK0 ] unsigned char 
 Return value:  Size  Location     Type
		None               void
 Registers used:
		wreg, status,2, status,0, pclath, cstack
 Tracked objects:
		On entry : 
		On exit  : 
		Unchanged: 
 Data sizes:     COMMON   BANK0   BANK1   BANK3   BANK2
      Params:         2       0       0       0       0
      Locals:         0       4       0       0       0
      Temps:          1       0       0       0       0
      Totals:         3       4       0       0       0
Total ram usage:        7 bytes
 Hardware stack levels used:    1
 Hardware stack levels required when called:    2
 This function calls:
		_send_char
		___lwdiv
		___lwmod
 This function is called by:
		_main
 This function uses a non-reentrant model


 *************** function ___lwmod *****************
 Defined at:
		line 5 in file "C:\Program Files\Microchip\xc8\v1.21\sources\pic\lwmod.c"
 Parameters:    Size  Location     Type
  divisor         2    0[COMMON] unsigned int 
  dividend        2    2[COMMON] unsigned int 
 Auto vars:     Size  Location     Type
  counter         1    5[COMMON] unsigned char 
 Return value:  Size  Location     Type
                  2    0[COMMON] unsigned int 
 Registers used:
		wreg, status,2, status,0
 Tracked objects:
		On entry : 
		On exit  : 
		Unchanged: 
 Data sizes:     COMMON   BANK0   BANK1   BANK3   BANK2
      Params:         4       0       0       0       0
      Locals:         1       0       0       0       0
      Temps:          1       0       0       0       0
      Totals:         6       0       0       0       0
Total ram usage:        6 bytes
 Hardware stack levels used:    1
 This function calls:
		Nothing
 This function is called by:
		_send_num
 This function uses a non-reentrant model


 *************** function ___lwdiv *****************
 Defined at:
		line 5 in file "C:\Program Files\Microchip\xc8\v1.21\sources\pic\lwdiv.c"
 Parameters:    Size  Location     Type
  divisor         2    0[COMMON] unsigned int 
  dividend        2    2[COMMON] unsigned int 
 Auto vars:     Size  Location     Type
  quotient        2    5[COMMON] unsigned int 
  counter         1    7[COMMON] unsigned char 
 Return value:  Size  Location     Type
                  2    0[COMMON] unsigned int 
 Registers used:
		wreg, status,2, status,0
 Tracked objects:
		On entry : 
		On exit  : 
		Unchanged: 
 Data sizes:     COMMON   BANK0   BANK1   BANK3   BANK2
      Params:         4       0       0       0       0
      Locals:         3       0       0       0       0
      Temps:          1       0       0       0       0
      Totals:         8       0       0       0       0
Total ram usage:        8 bytes
 Hardware stack levels used:    1
 This function calls:
		Nothing
 This function is called by:
		_send_num
 This function uses a non-reentrant model


 *************** function _read_ad *****************
 Defined at:
		line 209 in file "../../Source File/PR15.c"
 Parameters:    Size  Location     Type
  channel         1    wreg     unsigned char 
 Auto vars:     Size  Location     Type
  channel         1    1[COMMON] unsigned char 
  result          1    2[COMMON] unsigned char 
 Return value:  Size  Location     Type
                  1    wreg      unsigned char 
 Registers used:
		wreg, fsr0l, fsr0h, status,2, status,0
 Tracked objects:
		On entry : 
		On exit  : 
		Unchanged: 
 Data sizes:     COMMON   BANK0   BANK1   BANK3   BANK2
      Params:         0       0       0       0       0
      Locals:         2       0       0       0       0
      Temps:          1       0       0       0       0
      Totals:         3       0       0       0       0
Total ram usage:        3 bytes
 Hardware stack levels used:    1
 This function calls:
		Nothing
 This function is called by:
		_main
 This function uses a non-reentrant model


 *************** function _send_string *****************
 Defined at:
		line 181 in file "../../Source File/PR15.c"
 Parameters:    Size  Location     Type
  s               1    wreg     PTR const unsigned char 
		 -> STR_2(17), STR_1(17), 
 Auto vars:     Size  Location     Type
  s               1   11[COMMON] PTR const unsigned char 
		 -> STR_2(17), STR_1(17), 
  i               1   10[COMMON] unsigned char 
 Return value:  Size  Location     Type
		None               void
 Registers used:
		wreg, fsr0l, fsr0h, status,2, status,0, pclath, cstack
 Tracked objects:
		On entry : 
		On exit  : 
		Unchanged: 
 Data sizes:     COMMON   BANK0   BANK1   BANK3   BANK2
      Params:         0       0       0       0       0
      Locals:         2       0       0       0       0
      Temps:          1       0       0       0       0
      Totals:         3       0       0       0       0
Total ram usage:        3 bytes
 Hardware stack levels used:    1
 Hardware stack levels required when called:    2
 This function calls:
		_send_char
 This function is called by:
		_main
 This function uses a non-reentrant model


 *************** function _send_char *****************
 Defined at:
		line 151 in file "../../Source File/PR15.c"
 Parameters:    Size  Location     Type
  data            1    wreg     unsigned char 
 Auto vars:     Size  Location     Type
  data            1    8[COMMON] unsigned char 
 Return value:  Size  Location     Type
		None               void
 Registers used:
		wreg, status,2, status,0, pclath, cstack
 Tracked objects:
		On entry : 
		On exit  : 
		Unchanged: 
 Data sizes:     COMMON   BANK0   BANK1   BANK3   BANK2
      Params:         0       0       0       0       0
      Locals:         1       0       0       0       0
      Temps:          0       0       0       0       0
      Totals:         1       0       0       0       0
Total ram usage:        1 bytes
 Hardware stack levels used:    1
 Hardware stack levels required when called:    1
 This function calls:
		_delay
 This function is called by:
		_send_string
		_send_num
 This function uses a non-reentrant model


 *************** function _lcd_goto *****************
 Defined at:
		line 162 in file "../../Source File/PR15.c"
 Parameters:    Size  Location     Type
  data            1    wreg     unsigned char 
 Auto vars:     Size  Location     Type
  data            1   10[COMMON] unsigned char 
 Return value:  Size  Location     Type
		None               void
 Registers used:
		wreg, status,2, status,0, pclath, cstack
 Tracked objects:
		On entry : 
		On exit  : 
		Unchanged: 
 Data sizes:     COMMON   BANK0   BANK1   BANK3   BANK2
      Params:         0       0       0       0       0
      Locals:         1       0       0       0       0
      Temps:          1       0       0       0       0
      Totals:         2       0       0       0       0
Total ram usage:        2 bytes
 Hardware stack levels used:    1
 Hardware stack levels required when called:    2
 This function calls:
		_send_config
 This function is called by:
		_main
 This function uses a non-reentrant model


 *************** function _lcd_clr *****************
 Defined at:
		line 175 in file "../../Source File/PR15.c"
 Parameters:    Size  Location     Type
		None
 Auto vars:     Size  Location     Type
		None
 Return value:  Size  Location     Type
		None               void
 Registers used:
		wreg, status,2, status,0, pclath, cstack
 Tracked objects:
		On entry : 
		On exit  : 
		Unchanged: 
 Data sizes:     COMMON   BANK0   BANK1   BANK3   BANK2
      Params:         0       0       0       0       0
      Locals:         0       0       0       0       0
      Temps:          0       0       0       0       0
      Totals:         0       0       0       0       0
Total ram usage:        0 bytes
 Hardware stack levels used:    1
 Hardware stack levels required when called:    2
 This function calls:
		_send_config
		_delay
 This function is called by:
		_main
 This function uses a non-reentrant model


 *************** function _send_config *****************
 Defined at:
		line 140 in file "../../Source File/PR15.c"
 Parameters:    Size  Location     Type
  data            1    wreg     unsigned char 
 Auto vars:     Size  Location     Type
  data            1    8[COMMON] unsigned char 
 Return value:  Size  Location     Type
		None               void
 Registers used:
		wreg, status,2, status,0, pclath, cstack
 Tracked objects:
		On entry : 
		On exit  : 
		Unchanged: 
 Data sizes:     COMMON   BANK0   BANK1   BANK3   BANK2
      Params:         0       0       0       0       0
      Locals:         1       0       0       0       0
      Temps:          0       0       0       0       0
      Totals:         1       0       0       0       0
Total ram usage:        1 bytes
 Hardware stack levels used:    1
 Hardware stack levels required when called:    1
 This function calls:
		_delay
 This function is called by:
		_main
		_lcd_goto
		_lcd_clr
 This function uses a non-reentrant model


 *************** function _delay *****************
 Defined at:
		line 135 in file "../../Source File/PR15.c"
 Parameters:    Size  Location     Type
  data            4    0[COMMON] unsigned long 
 Auto vars:     Size  Location     Type
		None
 Return value:  Size  Location     Type
		None               void
 Registers used:
		wreg
 Tracked objects:
		On entry : 
		On exit  : 
		Unchanged: 
 Data sizes:     COMMON   BANK0   BANK1   BANK3   BANK2
      Params:         4       0       0       0       0
      Locals:         0       0       0       0       0
      Temps:          4       0       0       0       0
      Totals:         8       0       0       0       0
Total ram usage:        8 bytes
 Hardware stack levels used:    1
 This function calls:
		Nothing
 This function is called by:
		_send_config
		_send_char
		_lcd_clr
 This function uses a non-reentrant model



MODULE INFORMATION

Module		Function		Class		Link	Load	Size
C:\Program Files\Microchip\xc8\v1.21\sources\pic\lwmod.c
		___lwmod       		CODE           	0604	0000	52

C:\Program Files\Microchip\xc8\v1.21\sources\pic\lwmod.c estimated size: 52

C:\Program Files\Microchip\xc8\v1.21\sources\pic\lwdiv.c
		___lwdiv       		CODE           	0638	0000	62

C:\Program Files\Microchip\xc8\v1.21\sources\pic\lwdiv.c estimated size: 62

shared
		__stringtab    		STRING         	0003	0000	6
		__stringdata   		STRING         	0009	0000	34
		__initializatio		CODE           	07FC	0000	0

shared estimated size: 40

../../Source File/PR15.c
		_delay         		CODE           	0599	0000	35
		_main          		CODE           	0676	0000	180
		_lcd_clr       		CODE           	0530	0000	18
		_send_num      		CODE           	072A	0000	210
		_lcd_goto      		CODE           	0542	0000	22
		_send_string   		CODE           	0558	0000	32
		_send_config   		CODE           	05BC	0000	36
		_read_ad       		CODE           	0578	0000	33
		_send_char     		CODE           	05E0	0000	36

../../Source File/PR15.c estimated size: 602

