HI-TECH Software C Compiler 

Linker command line:

--edf=C:\Program Files\HI-TECH Software\dat\en_msgs.txt -cs -h+PR 15.sym -z \
  -Q16F876A -ol.obj -MPR 15.map -E1 -ACONST=00h-0FFhx32 -ACODE=00h-07FFhx4 \
  -ASTRCODE=00h-01FFFh -AENTRY=00h-0FFhx32 -ASTRING=00h-0FFhx32 \
  -ABANK0=020h-06Fh -ABANK1=0A0h-0EFh -ABANK2=0110h-016Fh \
  -ABANK3=0190h-01EFh -ARAM=020h-06Fh,0A0h-0EFh,0110h-016Fh,0190h-01EFh \
  -AABS1=020h-07Fh,0A0h-0EFh,0110h-016Fh,0190h-01EFh -ACOMMON=070h-07Fh \
  -ASFR0=00h-01Fh -ASFR1=080h-09Fh -ASFR2=0100h-010Fh -ASFR3=0180h-018Fh \
  -preset_vec=00h,intentry,init,end_init -ppowerup=CODE -pfunctab=CODE \
  -ACONFIG=02007h-02007h -pconfig=CONFIG -DCONFIG=2 -AIDLOC=02000h-02003h \
  -pidloc=IDLOC -DIDLOC=2 -AEEDATA=00h-0FFh/02100h -peeprom_data=EEDATA \
  -DEEDATA=2 -DCODE=2 -DSTRCODE=2 -DSTRING=2 -DCONST=2 -DENTRY=2 -k \
  startup.obj PR 15.obj 

Object code version is 3.10

Machine type is 16F876A



                Name                               Link     Load   Length Selector   Space Scale
startup.obj     end_init                              0        0        3        0       0
PR 15.obj       config                             2007     2007        1     400E       0
                text224                             550      550       27      AA0       0
                text223                             5A2      5A2       30      B44       0
                text222                             616      616       50      C2C       0
                text221                             5D2      5D2       44      BA4       0
                text220                             504      504       26      A08       0
                text219                             52A      52A       26      A54       0
                text218                             4D3      4D3       14      9A6       0
                text217                             4E7      4E7       1D      9CE       0
                text216                             577      577       2B      AEE       0
                text215                             72C      72C       D4      E58       0
                maintext                            666      666       C6      CCC       0
                cstackBANK0                          20       20        6       20       1
                cstackCOMMON                         70       70        E       70       1
                cinit                               4CF      4CF        4      99E       0
                strings                               3        3       28        6       0

TOTAL           Name                               Link     Load   Length     Space
        CLASS   CONST          

        CLASS   CODE           
                end_init                              0        0        3         0
                text224                             550      550       27         0
                text223                             5A2      5A2       30         0
                text222                             616      616       50         0
                text221                             5D2      5D2       44         0
                text220                             504      504       26         0
                text219                             52A      52A       26         0
                text218                             4D3      4D3       14         0
                text217                             4E7      4E7       1D         0
                text216                             577      577       2B         0
                text215                             72C      72C       D4         0
                maintext                            666      666       C6         0
                cinit                               4CF      4CF        4         0

        CLASS   STRCODE        

        CLASS   ENTRY          

        CLASS   STRING         
                strings                               3        3       28         0

        CLASS   BANK0          
                cstackBANK0                          20       20        6         1

        CLASS   BANK1          

        CLASS   BANK2          

        CLASS   BANK3          

        CLASS   RAM            

        CLASS   ABS1           
                abs_s1                               7E       7E        2         1

        CLASS   COMMON         
                cstackCOMMON                         70       70        E         1

        CLASS   SFR0           

        CLASS   SFR1           

        CLASS   SFR2           

        CLASS   SFR3           

        CLASS   CONFIG         
                config                             2007     2007        1         0

        CLASS   IDLOC          

        CLASS   EEDATA         



SEGMENTS        Name                           Load    Length   Top    Selector   Space  Class     Delta

                reset_vec                      000000  000003  000003         0       0  CODE        2
                strings                        000003  000028  00002B         6       0  STRING      2
                cstackBANK0                    000020  000006  000026        20       1  BANK0       1
                cstackCOMMON                   000070  00000E  00007E        70       1  COMMON      1
                cinit                          0004CF  000004  0004D3       99E       0  CODE        2
                text218                        0004D3  000014  0004E7       9A6       0  CODE        2
                text217                        0004E7  00001D  000504       9CE       0  CODE        2
                text220                        000504  000026  00052A       A08       0  CODE        2
                text219                        00052A  000026  000550       A54       0  CODE        2
                text224                        000550  000027  000577       AA0       0  CODE        2
                text216                        000577  00002B  0005A2       AEE       0  CODE        2
                text223                        0005A2  000030  0005D2       B44       0  CODE        2
                text221                        0005D2  000044  000616       BA4       0  CODE        2
                text222                        000616  000050  000666       C2C       0  CODE        2
                maintext                       000666  0000C6  00072C       CCC       0  CODE        2
                text215                        00072C  0000D4  000800       E58       0  CODE        2
                config                         002007  000001  002008      400E       0  CONFIG      2


UNUSED ADDRESS RANGES

        Name                Unused          Largest block    Delta
        BANK0            0026-006F             4A           1
        BANK1            00A0-00EF             50           1
        BANK2            0110-016F             60           1
        BANK3            0190-01EF             60           1
        CODE             002B-04CE            4A4           2
                         0800-1FFF            800
        CONST            002B-04CE            100           2
                         0800-1FFF            100
        EEDATA           2100-21FF            100           2
        ENTRY            002B-04CE            100           2
                         0800-1FFF            100
        IDLOC            2000-2003              4           2
        RAM              0026-006F             4A           1
                         00A0-00EF             50
                         0110-016F             60
                         0190-01EF             60
        SFR0             0000-001F             20           1
        SFR1             0080-009F             20           1
        SFR2             0100-010F             10           1
        SFR3             0180-018F             10           1
        STRCODE          002B-04CE            4A4           2
                         0800-1FFF           1800
        STRING           002B-04CE            100           2
                         0800-1FFF            100

                                  Symbol Table

??___lwdiv            cstackCOMMON 0074
??___lwmod            cstackCOMMON 0074
??_delay              cstackCOMMON 0074
??_lcd_clr            cstackCOMMON 0079
??_lcd_goto           cstackCOMMON 0079
??_main               cstackCOMMON 007C
??_read_ad            cstackCOMMON 0070
??_send_char          cstackCOMMON 0078
??_send_config        cstackCOMMON 0078
??_send_num           cstackCOMMON 007B
??_send_string        cstackCOMMON 0079
?___lwdiv             cstackCOMMON 0070
?___lwmod             cstackCOMMON 0070
?_delay               cstackCOMMON 0070
?_lcd_clr             cstackCOMMON 0070
?_lcd_goto            cstackCOMMON 0070
?_main                cstackCOMMON 0070
?_read_ad             cstackCOMMON 0070
?_send_char           cstackCOMMON 0070
?_send_config         cstackCOMMON 0070
?_send_num            cstackCOMMON 0079
?_send_string         cstackCOMMON 0070
_ADCON0               (abs)        001F
_ADCON1               (abs)        009F
_ADGO                 (abs)        00FA
_ADRESH               (abs)        001E
_CHS0                 (abs)        00FB
_CHS1                 (abs)        00FC
_CHS2                 (abs)        00FD
_PORTC                (abs)        0007
_RA2                  (abs)        002A
_RA5                  (abs)        002D
_RB0                  (abs)        0030
_RB1                  (abs)        0031
_RB2                  (abs)        0032
_RB3                  (abs)        0033
_RB4                  (abs)        0034
_RB5                  (abs)        0035
_TRISA                (abs)        0085
_TRISB                (abs)        0086
_TRISC                (abs)        0087
__Habs1               abs1         0000
__Hbank0              bank0        0000
__Hbank1              bank1        0000
__Hbank2              bank2        0000
__Hbank3              bank3        0000
__Hcinit              cinit        0000
__Hclrtext            clrtext      0000
__Hcode               code         0000
__Hcommon             common       0000
__Hconfig             config       2008
__HcstackBANK0        cstackBANK0  0000
__HcstackCOMMON       cstackCOMMON 0000
__Heeprom_data        eeprom_data  0000
__Hend_init           end_init     0003
__Hfunctab            functab      0000
__Hidloc              idloc        0000
__Hinit               init         0000
__Hintentry           intentry     0000
__Hmaintext           maintext     0000
__Hpowerup            powerup      0000
__Hram                ram          0000
__Hreset_vec          reset_vec    0000
__Hsfr0               sfr0         0000
__Hsfr1               sfr1         0000
__Hsfr2               sfr2         0000
__Hsfr3               sfr3         0000
__Hstrings            strings      0000
__Htext               text         0000
__Labs1               abs1         0000
__Lbank0              bank0        0000
__Lbank1              bank1        0000
__Lbank2              bank2        0000
__Lbank3              bank3        0000
__Lcinit              cinit        0000
__Lclrtext            clrtext      0000
__Lcode               code         0000
__Lcommon             common       0000
__Lconfig             config       2007
__LcstackBANK0        cstackBANK0  0000
__LcstackCOMMON       cstackCOMMON 0000
__Leeprom_data        eeprom_data  0000
__Lend_init           end_init     0000
__Lfunctab            functab      0000
__Lidloc              idloc        0000
__Linit               init         0000
__Lintentry           intentry     0000
__Lmaintext           maintext     0000
__Lpowerup            powerup      0000
__Lram                ram          0000
__Lreset_vec          reset_vec    0000
__Lsfr0               sfr0         0000
__Lsfr1               sfr1         0000
__Lsfr2               sfr2         0000
__Lsfr3               sfr3         0000
__Lstrings            strings      0000
__Ltext               text         0000
__S0                  (abs)        2008
__S1                  (abs)        007E
__S2                  (abs)        0000
___lwdiv              text222      0616
___lwdiv@counter      cstackCOMMON 0077
___lwdiv@dividend     cstackCOMMON 0072
___lwdiv@divisor      cstackCOMMON 0070
___lwdiv@quotient     cstackCOMMON 0075
___lwmod              text221      05D2
___lwmod@counter      cstackCOMMON 0075
___lwmod@dividend     cstackCOMMON 0072
___lwmod@divisor      cstackCOMMON 0070
__end_of___lwdiv      text222      0666
__end_of___lwmod      text221      0616
__end_of_delay        text223      05D2
__end_of_lcd_clr      text218      04E7
__end_of_lcd_goto     text217      0504
__end_of_main         maintext     072C
__end_of_read_ad      text224      0577
__end_of_send_char    text219      0550
__end_of_send_config  text220      052A
__end_of_send_num     text215      0800
__end_of_send_string  text216      05A2
__pcstackBANK0        cstackBANK0  0020
__pcstackCOMMON       cstackCOMMON 0070
__pmaintext           maintext     0666
__pstrings            strings      0003
__ptext214            text214      0000
__ptext215            text215      072C
__ptext216            text216      0577
__ptext217            text217      04E7
__ptext218            text218      04D3
__ptext219            text219      052A
__ptext220            text220      0504
__ptext221            text221      05D2
__ptext222            text222      0616
__ptext223            text223      05A2
__ptext224            text224      0550
__ptext225            text225      0000
__size_of___lwdiv     (abs)        0000
__size_of___lwmod     (abs)        0000
__size_of_delay       (abs)        0000
__size_of_lcd_clr     (abs)        0000
__size_of_lcd_goto    (abs)        0000
__size_of_main        (abs)        0000
__size_of_read_ad     (abs)        0000
__size_of_send_char   (abs)        0000
__size_of_send_config (abs)        0000
__size_of_send_num    (abs)        0000
__size_of_send_string (abs)        0000
_delay                text223      05A2
_exit                 init         0000
_lcd_clr              text218      04D3
_lcd_goto             text217      04E7
_main                 maintext     0666
_read_ad              text224      0550
_send_char            text219      052A
_send_config          text220      0504
_send_num             text215      072C
_send_string          text216      0577
btemp                 (abs)        007E
delay@data            cstackCOMMON 0070
end_of_initialization cinit        04CF
intlevel0             functab      0000
intlevel1             functab      0000
intlevel2             functab      0000
intlevel3             functab      0000
intlevel4             functab      0000
intlevel5             functab      0000
lcd_goto@data         cstackCOMMON 007A
main@mode             cstackBANK0  0025
main@temp             cstackBANK0  0024
read_ad@channel       cstackCOMMON 0071
read_ad@result        cstackCOMMON 0072
reset_vec             reset_vec    0000
send_char@data        cstackCOMMON 0078
send_config@data      cstackCOMMON 0078
send_num@data         cstackCOMMON 0079
send_num@hund         cstackBANK0  0022
send_num@tenth        cstackBANK0  0023
send_num@tenthou      cstackBANK0  0020
send_num@thou         cstackBANK0  0021
send_string@i         cstackCOMMON 007A
send_string@s         cstackCOMMON 007B
start                 init         0000
start_initialization  cinit        04CF
wtemp0                (abs)        007E
